[0;37m[40m                                                                                [0;37m[40m                                                                                [0;37m[40m                                                                                [0;37m[40m                                                                                [0;37m[40m                         [0;33m[40mлллллллллллллллллллллллллл[0;37m[40m                             [0;37m[40m                         [0;33m[40mл[0;37m[40m          [1;32m[40mFREE[0;37m[40m          [0;33m[40mл[0;37m[40m                            [0;40m
[0;37m[40m                         [0;33m[40mл[1;37m[40mShipyard-Earth[0;37m[40m [1;37m[40mTransport[0;33m[40mл[0;37m[40m                            [0;40m
[0;37m[40m                         [0;33m[40mлллллллллллллллллллллллллл[0;37m[40m                            [0;40m
[0;37m[40m                         [0;33m[40mл[0;31m[40mOnly[0;37m[40m [0;31m[40mthe[0;37m[40m [0;31m[40mShipless[0;37m[40m [0;31m[40mApply![0;33m[40mл[0;37m[40m                            [0;40m
[0;37m[40m                         [0;33m[40mлллллллллллллллллллллллллл[0;37m[40m                            [0;40m
