[0;37m[40m                                                                                [0;37m[40m                                                                                [0;37m[40m                                                                                [0;37m[40m                                                                                [0;37m[40m                                                                                [0;37m[40m                                                   [0;31m[40m*[0;37m[40m                            [0;37m[40m                                                   ²[1;30m[40m²[0;37m[40m                          [0;40m
