[H[2;1H[3;1H[4;1H[5;1H[60C[0;31m‹≤[1;41m∞[0;31m∞±±∞∞±±±±≤‹[6;1H[s
[u[58C≤≤∞∞±±±±±±∞∞≤∞±≤∞±[7;1H[56C∞∞±±±±±±±∞≤≤±±±±≤≤∞≤∞[8;1H[56C±±±±≤∞≤[s
[u[1;41m∞∞[0;31m≤≤∞≤±±≤≤±∞≤∞∞[9;1H[55C∞±∞≤∞≤≤€≤[1;41m∞∞∞[0;31m≤€±±∞≤∞[s
[u±∞∞±[10;1H[55C±≤≤≤≤≤≤[1;41m∞∞[0;31m≤≤[1;41m∞∞∞[0;31m≤≤∞±±±∞∞∞
[11;1H[55C∞≤≤∞∞≤∞≤[1;41m∞∞∞[0;31m≤≤≤∞±±≤≤∞[1;41m∞[0;31m∞∞[12;1H[56C±[s
[u∞±±±≤≤≤≤∞∞∞±±≤≤≤±≤≤≤[13;1H[57C≤∞∞±≤≤∞∞±±≤≤≤≤±±±≤≤[14;1H[58C≤≤≤∞±±±≤≤≤[s
[u±±∞≤≤∞ﬂ[15;1H[60Cﬂ≤≤∞∞∞∞≤∞∞±±ﬂ[16;1H[0m
